// Jest Snapshot v1, https://goo.gl/fbAQLP

exports[`uniformIntDistribution Should not change its output in range (-9007199254740991, 9007199254740991) except for major bumps 1`] = `
Array [
  8737460674930689,
  -2631724699627519,
  -4869445551763455,
  8293357854228481,
  5809860774060033,
  -1881172549904383,
  -7398457846580223,
  -5844702921965567,
  5236253499641857,
  2596198112838657,
]
`;

exports[`uniformIntDistribution Should not change its output in range (0, 6) except for major bumps 1`] = `
Array [
  4,
  3,
  0,
  2,
  1,
  2,
  6,
  3,
  4,
  5,
]
`;

exports[`uniformIntDistribution Should not change its output in range (0, 7) except for major bumps 1`] = `
Array [
  4,
  7,
  5,
  0,
  3,
  3,
  3,
  7,
  1,
  3,
]
`;

exports[`uniformIntDistribution Should not change its output in range (0, 8) except for major bumps 1`] = `
Array [
  8,
  0,
  2,
  6,
  7,
  6,
  7,
  1,
  1,
  0,
]
`;

exports[`uniformIntDistribution Should not change its output in range (0, 4294967294) except for major bumps 1`] = `
Array [
  2357136044,
  2546248239,
  3071714933,
  3626093760,
  2588848963,
  3684848379,
  2340255427,
  3638918503,
  1819583497,
  2678185683,
]
`;

exports[`uniformIntDistribution Should not change its output in range (0, 4294967295) except for major bumps 1`] = `
Array [
  2357136044,
  2546248239,
  3071714933,
  3626093760,
  2588848963,
  3684848379,
  2340255427,
  3638918503,
  1819583497,
  2678185683,
]
`;

exports[`uniformIntDistribution Should not change its output in range (0, 4294967296) except for major bumps 1`] = `
Array [
  189112320,
  554379264,
  1095999488,
  1298663424,
  858602496,
  3171780608,
  3693446144,
  708411392,
  1327118336,
  404687872,
]
`;

exports[`uniformIntDistribution Should not change its output in range (0, 1099511627774) except for major bumps 1`] = `
Array [
  741289830400,
  506149267456,
  291457769472,
  841166684160,
  41339999232,
  91856056320,
  155904065536,
  300906252288,
  379144339456,
  251166092288,
]
`;

exports[`uniformIntDistribution Should not change its output in range (0, 1099511627775) except for major bumps 1`] = `
Array [
  741280622592,
  506137268224,
  291447656448,
  841157541888,
  41332891648,
  91845220352,
  155896724480,
  300891291648,
  379128172544,
  251159659520,
]
`;

exports[`uniformIntDistribution Should not change its output in range (0, 1099511627776) except for major bumps 1`] = `
Array [
  741271414784,
  506125268992,
  291437543424,
  841148399616,
  41325784064,
  91834384384,
  155889383424,
  300876331008,
  379112005632,
  251153226752,
]
`;

exports[`uniformIntDistribution Should not change its output in range (48, 69) except for major bumps 1`] = `
Array [
  58,
  55,
  49,
  62,
  67,
  51,
  63,
  59,
  65,
  67,
]
`;
